CLASSIFIED: LEVEL 1

            [ 장경현 님의 X-FILE ]

            발급번호: #ZFRADG5C5

            PART 1. 운명의 해부도 (원국 분석)

            X-FILE PROJECT v4.0

        사주 X-FILE: 분석 대상 [장경현]

        본 문서는 장경현 님의 고유한 생성 에너지를 명리학적 알고리즘으로 해독한 1급 기밀 리포트입니다. 
타인에게 유출 시 운명의 흐름이 왜곡될 수 있으니 주의하십시오.

        Chapter 1. 당신의 소우주: 8글자의 논리적 해부

        사주(四柱)란 당신이 태어난 연, 월, 일, 시의 4개의 기둥을 의미하며, 각 기둥은 위(천간)와 아래(지지) 두 글자로 이루어져 총 8글자(팔자)가 됩니다. 이 8글자는 단순한 점괘가 아니라, 당신의 기질과 환경을 설계한 정밀한 우주적 설계도입니다.

            [ 장경현 님의 사주 원국 8글자 ]

                    시주(말년/무기)

                    戊(무)

                    子(자)

                    일주(본질/안방)

                    丙(병)

                    寅(인)

                    월주(환경/직업)

                    乙(을)

                    卯(묘)

                    년주(조상/초년)

                    戊(무)

                    辰(진)

        가장 중심이 되는 글자는 일주의 윗글자, 즉 일간(日干) 丙(병)입니다. 이 글자가 곧 당신의 '영혼의 본체'입니다. 당신은 우주적으로 화의 기운을 띠고 태어났으며, 일지(아랫글자)인 寅(인)를 깔고 앉아 있습니다.

        월주 乙卯(을묘)는 당신이 태어난 계절적 환경을 의미하며, 직업과 사회성을 지배합니다. 당신의 丙(병) 본체는 이 월주의 환경 속에서 주변 글자들과 밀고 당기며(생극제화) 당신만의 고유한 성향을 만들어냅니다.

            [일주 丙寅(병인)의 본질]

            본질 해독 중입니다.

        Chapter 2. 오행의 권력 구조와 결핍의 심리학

        세상을 뒤흔든 거물들은 예외 없이 오행이 극단적으로 쏠려 있습니다. 완벽한 균형은 평범함을 의미하지만, 극단적인 불균형은 천재성을 뜻합니다.

        [ 절대 무기: 목의 지배력 ]

        목(木) 기운의 과다: 위로 뻗어나가려는 기운이 제어되지 않아 시작은 빠르나 마무리가 약해집니다. 아이디어가 넘치고 호기심이 폭발하지만, 동시에 신경이 예민해져 간과 쓸개, 혹은 어깨 결림으로 스트레스가 나타납니다. 뻗어나가는 가지를 쳐내어 하나의 타겟에 집중하는 디톡스가 필요합니다.

        [ 영혼의 기갈: 금의 공백 ]

        당신은 이 부족한 기운에 평생토록 본능적으로 집착합니다. 이것이 바로 명리학에서 말하는 결핍이 만들어내는 강력한 동기부여입니다. 없는 것을 채우려는 그 처절한 몸부림이 당신을 남들보다 몇 배는 더 높이 도약하게 만드는 원동력입니다.

        결핍을 두려워하지 마십시오. 비어있는 공간이 있어야 새로운 것을 담을 수 있습니다.

        Chapter 3. 십성(十星)의 원리와 사회적 무기

        사주에서 십성(十星)이란, 내 본체인 일간(丙)을 기준으로 나머지 7개의 글자가 나와 어떤 관계를 맺고 있는지를 10가지 역할로 분류한 시스템입니다. 이것이 바로 당신이 세상을 바라보고 대응하는 '뇌의 운영체제(S/W)'가 됩니다.

            식상(식신/상관): 내가 에너지를 빼내어 낳는 기운 (표현력, 기술, 아이디어)

            재성(정재/편재): 내가 극(통제)하여 쟁취하는 기운 (결과물, 목표, 재물)

            관성(정관/편관): 나를 극(통제)하여 억누르는 기운 (규율, 명예, 직장)

            인성(정인/편인): 나를 돕고 생(生)해주는 기운 (학문, 인정, 문서)

            비겁(비견/겁재): 나와 같은 기운 (경쟁자, 자아, 독립심)

        당신의 원국 8글자를 이 원리로 분석했을 때, 가장 압도적인 비율을 차지하는 주력 운영체제는 [식신]입니다.

            주력 페르소나 (Primary OS): [식신]

            내가 좋아하는 것, 내가 꽂힌 분야만 집요하게 파고드는 순수한 오타쿠적 기질입니다. 구속받지 않고 나의 재능과 아이디어를 뽐낼 때 최고의 결과가 나오며, 이것이 곧 돈(재성)으로 직결되는 황금알을 낳는 거위의 특성을 가졌습니다.

            PART 2. 인생의 무대와 성취

            X-FILE PROJECT v4.0

        Chapter 4. 부(富)의 스케일과 재물 유통망

        재물운이란 단순히 통장에 찍히는 액수가 아닙니다. 내가 세상을 통제하고 지배하는 힘의 크기입니다.

        [식상생재의 역설] 당신은 돈을 담는 그릇(재성)보다 돈을 만들어내는 공장(식상)이 압도적으로 강합니다. 돈을 직접 쫓으면 도망가지만, 당신의 '전문성'과 '브랜드'의 퀄리티를 극한으로 끌어올리면 돈이 그림자처럼 따라오는 전형적인 전문가 사주입니다.

        부를 축적하는 데 있어 당신에게 가장 치명적인 함정은 '남의 성공 방정식을 따라 하는 것'입니다. 당신의 사주 구조에 맞는 수익 모델(근로 소득, 투자 소득, 혹은 지적 재산)을 정확히 타겟팅해야 합니다.

        Chapter 5. 당신의 전장 (직업과 사회적 성취)

        물고기 사주를 타고났다면 바다로 가야 합니다. 아무리 뛰어난 재능도 맞지 않는 척박한 땅(전장)에서는 고사하고 맙니다.

        당신은 명예와 타이틀(관성)이 절대적인 동기부여가 됩니다. 피라미드의 꼭대기를 향해 올라가는 치열한 조직 사회, 혹은 나만의 확고한 시스템과 규율이 있는 곳에서 빛을 발합니다.

        Chapter 6. 인연법: 영혼을 깨우는 파트너십

        일지(日支)는 당신의 안방입니다. 세상의 모든 갑옷을 벗고, 가장 취약한 민낯을 드러낼 때 당신을 받아줄 인연의 코드가 이곳에 암호화되어 있습니다.

        서로의 부족한 오행을 스펀지처럼 채워주며, 함께 있을 때 사회적 성취의 시너지가 극대화되는 인연을 만나게 됩니다.

            PART 3. 숨겨진 무기와 취약점

            X-FILE PROJECT v4.0

        Chapter 7. 엑스칼리버 (지장간에 숨겨진 무기)

        빙산의 일각처럼 겉으로 드러난 사주 8글자 밑에는 '지장간(地藏干)'이라는 거대한 무기고가 숨겨져 있습니다. 평소에는 봉인되어 있다가, 인생의 결정적인 위기 순간에만 튀어나와 판을 뒤집는 당신의 진짜 본능입니다.

            당신의 일지(寅) 지장간 분석

            잠재된 본능: [ 편인, 비견, 식신 ]

            이 숨겨진 편인, 비견, 식신의 기운은 당신이 막다른 골목에 몰렸을 때 비상식적인 돌파력을 제공합니다. 남들이 포기할 때, 당신의 영혼 밑바닥에서 이 서늘한 결단력이 깨어날 것입니다.

        Chapter 8. 생명의 리듬 (건강과 오행의 밸런스)

        사주 명리학은 단순한 점술이 아니라, 우주의 기운이 내 몸의 장기와 어떻게 공명하는지를 보여주는 고대 동양의 예방의학이기도 합니다.

                종합 건강 지수

                53점

                상태: 집중 관리 필요

            현재 당신의 오행 중 금 기운이 가장 취약하며, 이는 신체적으로 폐, 대장, 호흡기계, 뼈 부위의 약화로 이어질 수 있습니다. 반면 목 기운은 과다하여 해당 장기에 열이 쌓이기 쉬운 구조입니다.

        "몸은 마음의 그릇입니다." 오행의 불균형을 다스리는 식이요법과 생활 습관이 당신의 운명을 바꾸는 가장 빠른 지름길임을 잊지 마십시오.

        Chapter 9. 공망(空亡): 결핍의 원리와 역발상

        명리학에서 공망(空亡)은 하늘이 비어있다는 뜻입니다. 천간(하늘의 기운)은 10개인데 지지(땅의 기운)는 12개입니다. 이들을 순서대로 짝짓다 보면 필연적으로 2개의 지지가 짝을 찾지 못하고 남게 되는데, 이를 공망이라 부릅니다.

        당신의 일주(丙寅)를 기준으로 짝을 맞추어 보면, [戌亥] 두 글자가 짝이 없는 공망의 상태가 됩니다. 이 두 글자에 해당하는 십성이 바로 [식신, 정관]입니다.

        과거에는 이를 흉살로 보았으나, 현대 명리학에서는 이를 '평생을 관통하는 갈증과 동기부여'로 해석합니다. 채워지지 않기에 끝없이 갈구하고, 그 갈구하는 힘이 당신을 남들보다 높은 곳으로 밀어 올리는 로켓의 분사구가 됩니다.

            이 결핍(식신, 정관)을 완벽하게 채우려 집착하지 마십시오. 비어있기 때문에 새로운 것을 담을 수 있는 당신만의 무한한 공간입니다.

            PART 4. 시간의 흐름 (대운과 세운)

            X-FILE PROJECT v4.0

        Chapter 10. 시간의 파동 (대운, 세운, 그리고 원국의 충돌)

        사주 팔자(8글자)가 당신이 태어날 때 지어진 '집'이라면, 운(運)은 밖에서 불어오는 '날씨와 바람'입니다. 대운(10년), 세운(1년), 월운(1개월)이라는 우주의 시간이 흘러오면서 당신의 원국 8글자와 부딪치고(충), 섞이고(합), 깨지면서(파) 인생의 다양한 사건 사고가 발생합니다.

            대운(大運): 10년마다 바뀌는 거대한 기후 변화. 내 인생의 무대 전체가 봄에서 여름으로 바뀌는 것과 같은 환경적 셋업.

            세운(歲運): 매년 들어오는 1년짜리 기상청 예보. 올해 당장 내게 떨어지는 구체적이고 현실적인 체감 사건.

            작용 원리: 운에서 들어오는 글자가 내 원국의 글자와 만나 합(合)을 하면 사람/돈/문서가 묶이거나 들어오고, 충(沖)을 하면 기존의 것이 깨지거나 강력한 이동/변화가 일어납니다.

        [거시적 기후 변화: 10년 대운(大運)]

        대운은 내 인생을 둘러싼 거대한 10년짜리 기상도입니다.

                9세 ~ 18세 : [丙辰 대운] 

            유입 에너지: 비견, 식신 | 우주적 상태: 12운성 관대

            이 10년은 밖에서 불어오는 비견(천간)과 식신(지지)의 에너지가 당신의 원국(丙寅)과 격렬하게 반응하는 시기입니다. 당신의 영혼(일간 丙)은 12운성 관대의 단계에 놓이게 되며, 외부 환경의 압력을 어떻게 내 무기로 흡수하느냐가 이 10년의 성패를 가릅니다.

                19세 ~ 28세 : [丁巳 대운] 

            유입 에너지: 겁재, 겁재 | 우주적 상태: 12운성 건록

            이 10년은 밖에서 불어오는 겁재(천간)과 겁재(지지)의 에너지가 당신의 원국(丙寅)과 격렬하게 반응하는 시기입니다. 당신의 영혼(일간 丙)은 12운성 건록의 단계에 놓이게 되며, 외부 환경의 압력을 어떻게 내 무기로 흡수하느냐가 이 10년의 성패를 가릅니다.

                29세 ~ 38세 : [戊午 대운] 

            유입 에너지: 식신, 비견 | 우주적 상태: 12운성 제왕

            이 10년은 밖에서 불어오는 식신(천간)과 비견(지지)의 에너지가 당신의 원국(丙寅)과 격렬하게 반응하는 시기입니다. 당신의 영혼(일간 丙)은 12운성 제왕의 단계에 놓이게 되며, 외부 환경의 압력을 어떻게 내 무기로 흡수하느냐가 이 10년의 성패를 가릅니다.

                39세 ~ 48세 : [己未 대운] 현재 진행 중인 대운

            유입 에너지: 상관, 상관 | 우주적 상태: 12운성 쇠

            이 10년은 밖에서 불어오는 상관(천간)과 상관(지지)의 에너지가 당신의 원국(丙寅)과 격렬하게 반응하는 시기입니다. 당신의 영혼(일간 丙)은 12운성 쇠의 단계에 놓이게 되며, 외부 환경의 압력을 어떻게 내 무기로 흡수하느냐가 이 10년의 성패를 가릅니다.

                49세 ~ 58세 : [庚申 대운] 

            유입 에너지: 편재, 편재 | 우주적 상태: 12운성 병

            이 10년은 밖에서 불어오는 편재(천간)과 편재(지지)의 에너지가 당신의 원국(丙寅)과 격렬하게 반응하는 시기입니다. 당신의 영혼(일간 丙)은 12운성 병의 단계에 놓이게 되며, 외부 환경의 압력을 어떻게 내 무기로 흡수하느냐가 이 10년의 성패를 가릅니다.

                59세 ~ 68세 : [辛酉 대운] 

            유입 에너지: 정재, 정재 | 우주적 상태: 12운성 사

            이 10년은 밖에서 불어오는 정재(천간)과 정재(지지)의 에너지가 당신의 원국(丙寅)과 격렬하게 반응하는 시기입니다. 당신의 영혼(일간 丙)은 12운성 사의 단계에 놓이게 되며, 외부 환경의 압력을 어떻게 내 무기로 흡수하느냐가 이 10년의 성패를 가릅니다.

                69세 ~ 78세 : [壬戌 대운] 

            유입 에너지: 편관, 식신 | 우주적 상태: 12운성 묘

            이 10년은 밖에서 불어오는 편관(천간)과 식신(지지)의 에너지가 당신의 원국(丙寅)과 격렬하게 반응하는 시기입니다. 당신의 영혼(일간 丙)은 12운성 묘의 단계에 놓이게 되며, 외부 환경의 압력을 어떻게 내 무기로 흡수하느냐가 이 10년의 성패를 가릅니다.

                79세 ~ 88세 : [癸亥 대운] 

            유입 에너지: 정관, 정관 | 우주적 상태: 12운성 절

            이 10년은 밖에서 불어오는 정관(천간)과 정관(지지)의 에너지가 당신의 원국(丙寅)과 격렬하게 반응하는 시기입니다. 당신의 영혼(일간 丙)은 12운성 절의 단계에 놓이게 되며, 외부 환경의 압력을 어떻게 내 무기로 흡수하느냐가 이 10년의 성패를 가릅니다.

[미시적 전술 지도: 향후 10년 세운(歲運)과 합충 분석]

        세운은 올해 당장 내 눈앞에 떨어지는 현실적인 사건 사고를 의미합니다.

                2026년 (乙巳년)
                정인 · 겁재 | 건록

            올해는 겁재의 기운이 지배적입니다. 이 에너지가 당신의 원국에 안착하면서 해당 십성(결과물, 명예, 활동력 등)에 관련된 현실적 사건이 터집니다.

                2027년 (丙午년)
                비견 · 비견 | 제왕

            올해는 비견의 기운이 지배적입니다. 이 에너지가 당신의 원국에 안착하면서 해당 십성(결과물, 명예, 활동력 등)에 관련된 현실적 사건이 터집니다.

                2028년 (丁未년)
                겁재 · 상관 | 쇠

            올해는 상관의 기운이 지배적입니다. 이 에너지가 당신의 원국에 안착하면서 해당 십성(결과물, 명예, 활동력 등)에 관련된 현실적 사건이 터집니다.

                2029년 (戊申년)
                식신 · 편재 | 병

            올해 들어오는 申(신)의 기운이 당신의 일지 寅(인)와 정면으로 충돌(沖)합니다. 안방이나 직장에 강한 변동성(이동, 이직, 이별 등)이 발생할 수 있는 역동적인 해입니다.

                2030년 (己酉년)
                상관 · 정재 | 사

            올해는 정재의 기운이 지배적입니다. 이 에너지가 당신의 원국에 안착하면서 해당 십성(결과물, 명예, 활동력 등)에 관련된 현실적 사건이 터집니다.

                2031년 (庚戌년)
                편재 · 식신 | 묘

            올해는 식신의 기운이 지배적입니다. 이 에너지가 당신의 원국에 안착하면서 해당 십성(결과물, 명예, 활동력 등)에 관련된 현실적 사건이 터집니다.

                2032년 (辛亥년)
                정재 · 정관 | 절

            올해는 정관의 기운이 지배적입니다. 이 에너지가 당신의 원국에 안착하면서 해당 십성(결과물, 명예, 활동력 등)에 관련된 현실적 사건이 터집니다.

                2033년 (壬子년)
                편관 · 편관 | 태

            올해는 편관의 기운이 지배적입니다. 이 에너지가 당신의 원국에 안착하면서 해당 십성(결과물, 명예, 활동력 등)에 관련된 현실적 사건이 터집니다.

                2034년 (癸丑년)
                정관 · 상관 | 양

            올해는 상관의 기운이 지배적입니다. 이 에너지가 당신의 원국에 안착하면서 해당 십성(결과물, 명예, 활동력 등)에 관련된 현실적 사건이 터집니다.

                2035년 (甲寅년)
                편인 · 편인 | 장생

            올해는 편인의 기운이 지배적입니다. 이 에너지가 당신의 원국에 안착하면서 해당 십성(결과물, 명예, 활동력 등)에 관련된 현실적 사건이 터집니다.

        📄 X-FILE 기밀문서 PDF로 평생 소장하기
